############################################################################################
# Thanks for using OpenAPI Generator.                                                      #
# We appreciate your support! Please consider donation to help us maintain this project.   #
# https://opencollective.com/openapi_generator/donate                                      #
############################################################################################

  .   ____          _            __ _ _
 /\\ / ___'_ __ _ _(_)_ __  __ _ \ \ \ \
( ( )\___ | '_ | '_| | '_ \/ _` | \ \ \ \
 \\/  ___)| |_)| | | | | || (_| |  ) ) ) )
  '  |____| .__|_| |_|_| |_\__, | / / / /
 =========|_|==============|___/=/_/_/_/

 :: Spring Boot ::                (v3.5.6)

2026-05-09T03:55:19.531+02:00  INFO 17808 --- [StudentsApp] [           main] p.e.p.t.ism.StudentServiceApplication    : Starting StudentServiceApplication using Java 21.0.11 with PID 17808 (D:\PWR II\ISM\test_area\lab4\StudentService\target\classes started by farha in D:\PWR II\ISM\test_area\lab4\StudentService)
2026-05-09T03:55:19.535+02:00  INFO 17808 --- [StudentsApp] [           main] p.e.p.t.ism.StudentServiceApplication    : No active profile set, falling back to 1 default profile: "default"
2026-05-09T03:55:21.009+02:00  INFO 17808 --- [StudentsApp] [           main] .s.d.r.c.RepositoryConfigurationDelegate : Bootstrapping Spring Data JPA repositories in DEFAULT mode.
2026-05-09T03:55:21.140+02:00  INFO 17808 --- [StudentsApp] [           main] .s.d.r.c.RepositoryConfigurationDelegate : Finished Spring Data repository scanning in 112 ms. Found 7 JPA repository interfaces.
2026-05-09T03:55:22.044+02:00  INFO 17808 --- [StudentsApp] [           main] o.s.b.w.embedded.tomcat.TomcatWebServer  : Tomcat initialized with port 8080 (http)
2026-05-09T03:55:22.065+02:00  INFO 17808 --- [StudentsApp] [           main] o.apache.catalina.core.StandardService   : Starting service [Tomcat]
2026-05-09T03:55:22.066+02:00  INFO 17808 --- [StudentsApp] [           main] o.apache.catalina.core.StandardEngine    : Starting Servlet engine: [Apache Tomcat/10.1.46]
2026-05-09T03:55:22.148+02:00  INFO 17808 --- [StudentsApp] [           main] o.a.c.c.C.[.[localhost].[/StudentsApp]   : Initializing Spring embedded WebApplicationContext
2026-05-09T03:55:22.149+02:00  INFO 17808 --- [StudentsApp] [           main] w.s.c.ServletWebServerApplicationContext : Root WebApplicationContext: initialization completed in 2548 ms
2026-05-09T03:55:22.330+02:00  INFO 17808 --- [StudentsApp] [           main] o.hibernate.jpa.internal.util.LogHelper  : HHH000204: Processing PersistenceUnitInfo [name: default]
2026-05-09T03:55:22.385+02:00  INFO 17808 --- [StudentsApp] [           main] org.hibernate.Version                    : HHH000412: Hibernate ORM core version 6.6.29.Final
2026-05-09T03:55:22.413+02:00  INFO 17808 --- [StudentsApp] [           main] o.h.c.internal.RegionFactoryInitiator    : HHH000026: Second-level cache disabled
2026-05-09T03:55:22.674+02:00  INFO 17808 --- [StudentsApp] [           main] o.s.o.j.p.SpringPersistenceUnitInfo      : No LoadTimeWeaver setup: ignoring JPA class transformer
2026-05-09T03:55:22.704+02:00  INFO 17808 --- [StudentsApp] [           main] com.zaxxer.hikari.HikariDataSource       : HikariPool-1 - Starting...
2026-05-09T03:55:22.915+02:00  INFO 17808 --- [StudentsApp] [           main] com.zaxxer.hikari.pool.HikariPool        : HikariPool-1 - Added connection conn0: url=jdbc:h2:file:./modellingclubdb user=SA
2026-05-09T03:55:22.918+02:00  INFO 17808 --- [StudentsApp] [           main] com.zaxxer.hikari.HikariDataSource       : HikariPool-1 - Start completed.
2026-05-09T03:55:22.970+02:00  INFO 17808 --- [StudentsApp] [           main] org.hibernate.orm.connections.pooling    : HHH10001005: Database info:
	Database JDBC URL [Connecting through datasource 'HikariDataSource (HikariPool-1)']
	Database driver: undefined/unknown
	Database version: 2.3.232
	Autocommit mode: undefined/unknown
	Isolation level: undefined/unknown
	Minimum pool size: undefined/unknown
	Maximum pool size: undefined/unknown
2026-05-09T03:55:24.158+02:00  INFO 17808 --- [StudentsApp] [           main] o.h.e.t.j.p.i.JtaPlatformInitiator       : HHH000489: No JTA platform available (set 'hibernate.transaction.jta.platform' to enable JTA platform integration)
Hibernate: alter table if exists votes drop constraint if exists UK7bb5a4vqc9kyh038blj0qlk5g
Hibernate: alter table if exists votes add constraint UK7bb5a4vqc9kyh038blj0qlk5g unique (build_id, user_id)
2026-05-09T03:55:24.261+02:00  INFO 17808 --- [StudentsApp] [           main] j.LocalContainerEntityManagerFactoryBean : Initialized JPA EntityManagerFactory for persistence unit 'default'
2026-05-09T03:55:24.829+02:00  INFO 17808 --- [StudentsApp] [           main] o.s.d.j.r.query.QueryEnhancerFactory     : Hibernate is in classpath; If applicable, HQL parser will be used.
2026-05-09T03:55:25.624+02:00  WARN 17808 --- [StudentsApp] [           main] JpaBaseConfiguration$JpaWebConfiguration : spring.jpa.open-in-view is enabled by default. Therefore, database queries may be performed during view rendering. Explicitly configure spring.jpa.open-in-view to disable this warning
2026-05-09T03:55:26.184+02:00  INFO 17808 --- [StudentsApp] [           main] o.s.b.a.h2.H2ConsoleAutoConfiguration    : H2 console available at '/h2-ui'. Database available at 'jdbc:h2:file:./modellingclubdb'
2026-05-09T03:55:26.293+02:00  INFO 17808 --- [StudentsApp] [           main] o.s.b.w.embedded.tomcat.TomcatWebServer  : Tomcat started on port 8080 (http) with context path '/StudentsApp'
2026-05-09T03:55:26.304+02:00  INFO 17808 --- [StudentsApp] [           main] p.e.p.t.ism.StudentServiceApplication    : Started StudentServiceApplication in 7.446 seconds (process running for 7.938)
2026-05-09T03:55:26.568+02:00  INFO 17808 --- [StudentsApp] [           main] p.e.p.t.i.config.SeedBuildsInitializer   : Seeded 6 demo builds owned by demo@modellingclub.local
2026-05-09T03:55:27.993+02:00  INFO 17808 --- [StudentsApp] [nio-8080-exec-5] o.a.c.c.C.[.[localhost].[/StudentsApp]   : Initializing Spring DispatcherServlet 'dispatcherServlet'
2026-05-09T03:55:27.993+02:00  INFO 17808 --- [StudentsApp] [nio-8080-exec-5] o.s.web.servlet.DispatcherServlet        : Initializing Servlet 'dispatcherServlet'
2026-05-09T03:55:27.995+02:00  INFO 17808 --- [StudentsApp] [nio-8080-exec-5] o.s.web.servlet.DispatcherServlet        : Completed initialization in 1 ms
Hibernate: select be1_0.id,be1_0.created_at,be1_0.description,be1_0.flight_controller,be1_0.frame_size_mm,be1_0.hull_length_mm,be1_0.max_takeoff_weight_g,be1_0.num_motors,be1_0.owner_id,be1_0.rotor_diameter_mm,be1_0.scale,be1_0.score,be1_0.status,be1_0.title,be1_0.type,be1_0.updated_at,be1_0.wheelbase_mm,be1_0.wingspan_mm from builds be1_0
Hibernate: select ue1_0.id,ue1_0.created_at,ue1_0.email,ue1_0.password,ue1_0.role,ue1_0.username from users ue1_0 where ue1_0.id=?
Hibernate: select ue1_0.id,ue1_0.created_at,ue1_0.email,ue1_0.password,ue1_0.role,ue1_0.username from users ue1_0 where ue1_0.email=?
Hibernate: select count(*) from builds be1_0 where be1_0.id=?
Hibernate: select mfe1_0.id,mfe1_0.build_id,mfe1_0.filename,mfe1_0.mime_type,mfe1_0.size_bytes,mfe1_0.url from media_files mfe1_0 left join builds b1_0 on b1_0.id=mfe1_0.build_id where b1_0.id=?
Hibernate: select be1_0.id,be1_0.created_at,be1_0.description,be1_0.flight_controller,be1_0.frame_size_mm,be1_0.hull_length_mm,be1_0.max_takeoff_weight_g,be1_0.num_motors,o1_0.id,o1_0.created_at,o1_0.email,o1_0.password,o1_0.role,o1_0.username,be1_0.rotor_diameter_mm,be1_0.scale,be1_0.score,be1_0.status,be1_0.title,be1_0.type,be1_0.updated_at,be1_0.wheelbase_mm,be1_0.wingspan_mm from builds be1_0 left join users o1_0 on o1_0.id=be1_0.owner_id where be1_0.id=?
[ERROR] Failed to execute goal org.springframework.boot:spring-boot-maven-plugin:3.5.6:run (default-cli) on project StudentService: Process terminated with exit code: 1 -> [Help 1]
[ERROR] 
[ERROR] To see the full stack trace of the errors, re-run Maven with the -e switch.
[ERROR] Re-run Maven using the -X switch to enable full debug logging.
[ERROR] 
[ERROR] For more information about the errors and possible solutions, please read the following articles:
[ERROR] [Help 1] http://cwiki.apache.org/confluence/display/MAVEN/MojoExecutionException
